<?xml version="1.0" encoding="ISO-8859-1"?>
<root>
    <developers>
        <developer>
            <name value="fred"/>
            <ssii value="shark consulting"/>
        </developer>
        <developer>
            <name value="seb"/>
            <ssii value="toto consulting"/>
        </developer>
    </developers>
</root>
